Namespace(attack_method='propagation_state', cuda=True, dataset='Cora', debug=True, defense_mode='none', device_id=0, dis_weight=1, dropout=0.5, epochs=200, evaluate_mode='1by1', fixed_attach_file='', hidden=32, homo_boost_thrd=0.8, homo_loss_weight=100, inner=1, lr=0.01, model='GCN', msg_code_mode='nonsemantic', msg_cos_tol=1e-05, msg_diag_dir='results/message_diag', msg_diagnostics=False, msg_init_mass=0.05, msg_init_scale=0.1, msg_lambda_scale=0.001, msg_max_mass=0.3, msg_max_scale=1.0, msg_outer_size=512, msg_prevalence_min=0.005, msg_realization='legacy_exact_total', msg_semantic_eps=1e-07, msg_semantic_quantile=0.7, msg_shortcut_k=5, msg_token_eta=0.5, msg_verify_tol=1e-05, no_cuda=False, prune_thr=0.8, ps_anchor_chunk_size=256, ps_eta_max=1.0, rpi_edge_drop=0.1, rpi_eps=1e-12, rpi_kappa=0.0, rpi_max_candidates=0, rpi_mc_samples=4, rpi_no_class_balance=False, rpi_score_dir='./rpi_scores', rpi_surrogate_model='GCN', rpi_verbose_every=100, seed=10, selection_method='cluster_degree', target_class=0, target_loss_weight=1, test_model='GCN', thrd=0.5, train_lr=0.01, trigger_size=3, trojan_epochs=400, use_vs_number=True, vs_number=10, vs_ratio=0, weight_decay=0.0005)
#Attach Nodes:10
./selected_nodes/Cora/Overall/seed10/nodes.txt
idx_attach: tensor([ 109,   88, 1072, 1013, 1224, 1131,  350, 2367, 2394, 1505],
       device='cuda:0')
tensor([   0,    2,    3,  ..., 2704, 2705, 2706], device='cuda:0')
[PSS] target_class=0 anchors=57 target_state_norm=0.074649
[PSS-TRAIN] eta(mean/min/max)=0.8557/0.5871/1.0000 | target_dist(mean)=0.218672->0.175411 | trigger_norm(mean)=0.187366
precent of left attach nodes: 1.000
Namespace(attack_method='propagation_state', cuda=True, dataset='Cora', debug=True, defense_mode='none', device_id=0, dis_weight=1, dropout=0.5, epochs=200, evaluate_mode='1by1', fixed_attach_file='', hidden=32, homo_boost_thrd=0.8, homo_loss_weight=100, inner=1, lr=0.01, model='GCN', msg_code_mode='nonsemantic', msg_cos_tol=1e-05, msg_diag_dir='results/message_diag', msg_diagnostics=False, msg_init_mass=0.05, msg_init_scale=0.1, msg_lambda_scale=0.001, msg_max_mass=0.3, msg_max_scale=1.0, msg_outer_size=512, msg_prevalence_min=0.005, msg_realization='legacy_exact_total', msg_semantic_eps=1e-07, msg_semantic_quantile=0.7, msg_shortcut_k=5, msg_token_eta=0.5, msg_verify_tol=1e-05, no_cuda=False, prune_thr=0.8, ps_anchor_chunk_size=256, ps_eta_max=1.0, rpi_edge_drop=0.1, rpi_eps=1e-12, rpi_kappa=0.0, rpi_max_candidates=0, rpi_mc_samples=4, rpi_no_class_balance=False, rpi_score_dir='./rpi_scores', rpi_surrogate_model='GCN', rpi_verbose_every=100, seed=265, selection_method='cluster_degree', target_class=0, target_loss_weight=1, test_model='GCN', thrd=0.5, train_lr=0.01, trigger_size=3, trojan_epochs=400, use_vs_number=True, vs_number=10, vs_ratio=0, weight_decay=0.0005)
target class rate on Vs: 0.9000
accuracy on clean test nodes: 0.8481
Overall ASR: 0.3764
Flip ASR: 0.2667/225 nodes
Namespace(attack_method='propagation_state', cuda=True, dataset='Cora', debug=True, defense_mode='none', device_id=0, dis_weight=1, dropout=0.5, epochs=200, evaluate_mode='1by1', fixed_attach_file='', hidden=32, homo_boost_thrd=0.8, homo_loss_weight=100, inner=1, lr=0.01, model='GCN', msg_code_mode='nonsemantic', msg_cos_tol=1e-05, msg_diag_dir='results/message_diag', msg_diagnostics=False, msg_init_mass=0.05, msg_init_scale=0.1, msg_lambda_scale=0.001, msg_max_mass=0.3, msg_max_scale=1.0, msg_outer_size=512, msg_prevalence_min=0.005, msg_realization='legacy_exact_total', msg_semantic_eps=1e-07, msg_semantic_quantile=0.7, msg_shortcut_k=5, msg_token_eta=0.5, msg_verify_tol=1e-05, no_cuda=False, prune_thr=0.8, ps_anchor_chunk_size=256, ps_eta_max=1.0, rpi_edge_drop=0.1, rpi_eps=1e-12, rpi_kappa=0.0, rpi_max_candidates=0, rpi_mc_samples=4, rpi_no_class_balance=False, rpi_score_dir='./rpi_scores', rpi_surrogate_model='GCN', rpi_verbose_every=100, seed=125, selection_method='cluster_degree', target_class=0, target_loss_weight=1, test_model='GCN', thrd=0.5, train_lr=0.01, trigger_size=3, trojan_epochs=400, use_vs_number=True, vs_number=10, vs_ratio=0, weight_decay=0.0005)
target class rate on Vs: 0.9000
accuracy on clean test nodes: 0.8444
Overall ASR: 0.3764
Flip ASR: 0.2622/225 nodes
Namespace(attack_method='propagation_state', cuda=True, dataset='Cora', debug=True, defense_mode='none', device_id=0, dis_weight=1, dropout=0.5, epochs=200, evaluate_mode='1by1', fixed_attach_file='', hidden=32, homo_boost_thrd=0.8, homo_loss_weight=100, inner=1, lr=0.01, model='GCN', msg_code_mode='nonsemantic', msg_cos_tol=1e-05, msg_diag_dir='results/message_diag', msg_diagnostics=False, msg_init_mass=0.05, msg_init_scale=0.1, msg_lambda_scale=0.001, msg_max_mass=0.3, msg_max_scale=1.0, msg_outer_size=512, msg_prevalence_min=0.005, msg_realization='legacy_exact_total', msg_semantic_eps=1e-07, msg_semantic_quantile=0.7, msg_shortcut_k=5, msg_token_eta=0.5, msg_verify_tol=1e-05, no_cuda=False, prune_thr=0.8, ps_anchor_chunk_size=256, ps_eta_max=1.0, rpi_edge_drop=0.1, rpi_eps=1e-12, rpi_kappa=0.0, rpi_max_candidates=0, rpi_mc_samples=4, rpi_no_class_balance=False, rpi_score_dir='./rpi_scores', rpi_surrogate_model='GCN', rpi_verbose_every=100, seed=996, selection_method='cluster_degree', target_class=0, target_loss_weight=1, test_model='GCN', thrd=0.5, train_lr=0.01, trigger_size=3, trojan_epochs=400, use_vs_number=True, vs_number=10, vs_ratio=0, weight_decay=0.0005)
target class rate on Vs: 1.0000
accuracy on clean test nodes: 0.8444
Overall ASR: 0.3690
Flip ASR: 0.2578/225 nodes
Namespace(attack_method='propagation_state', cuda=True, dataset='Cora', debug=True, defense_mode='none', device_id=0, dis_weight=1, dropout=0.5, epochs=200, evaluate_mode='1by1', fixed_attach_file='', hidden=32, homo_boost_thrd=0.8, homo_loss_weight=100, inner=1, lr=0.01, model='GCN', msg_code_mode='nonsemantic', msg_cos_tol=1e-05, msg_diag_dir='results/message_diag', msg_diagnostics=False, msg_init_mass=0.05, msg_init_scale=0.1, msg_lambda_scale=0.001, msg_max_mass=0.3, msg_max_scale=1.0, msg_outer_size=512, msg_prevalence_min=0.005, msg_realization='legacy_exact_total', msg_semantic_eps=1e-07, msg_semantic_quantile=0.7, msg_shortcut_k=5, msg_token_eta=0.5, msg_verify_tol=1e-05, no_cuda=False, prune_thr=0.8, ps_anchor_chunk_size=256, ps_eta_max=1.0, rpi_edge_drop=0.1, rpi_eps=1e-12, rpi_kappa=0.0, rpi_max_candidates=0, rpi_mc_samples=4, rpi_no_class_balance=False, rpi_score_dir='./rpi_scores', rpi_surrogate_model='GCN', rpi_verbose_every=100, seed=527, selection_method='cluster_degree', target_class=0, target_loss_weight=1, test_model='GCN', thrd=0.5, train_lr=0.01, trigger_size=3, trojan_epochs=400, use_vs_number=True, vs_number=10, vs_ratio=0, weight_decay=0.0005)
target class rate on Vs: 0.8000
accuracy on clean test nodes: 0.8370
Overall ASR: 0.3690
Flip ASR: 0.2578/225 nodes
Namespace(attack_method='propagation_state', cuda=True, dataset='Cora', debug=True, defense_mode='none', device_id=0, dis_weight=1, dropout=0.5, epochs=200, evaluate_mode='1by1', fixed_attach_file='', hidden=32, homo_boost_thrd=0.8, homo_loss_weight=100, inner=1, lr=0.01, model='GCN', msg_code_mode='nonsemantic', msg_cos_tol=1e-05, msg_diag_dir='results/message_diag', msg_diagnostics=False, msg_init_mass=0.05, msg_init_scale=0.1, msg_lambda_scale=0.001, msg_max_mass=0.3, msg_max_scale=1.0, msg_outer_size=512, msg_prevalence_min=0.005, msg_realization='legacy_exact_total', msg_semantic_eps=1e-07, msg_semantic_quantile=0.7, msg_shortcut_k=5, msg_token_eta=0.5, msg_verify_tol=1e-05, no_cuda=False, prune_thr=0.8, ps_anchor_chunk_size=256, ps_eta_max=1.0, rpi_edge_drop=0.1, rpi_eps=1e-12, rpi_kappa=0.0, rpi_max_candidates=0, rpi_mc_samples=4, rpi_no_class_balance=False, rpi_score_dir='./rpi_scores', rpi_surrogate_model='GCN', rpi_verbose_every=100, seed=320, selection_method='cluster_degree', target_class=0, target_loss_weight=1, test_model='GCN', thrd=0.5, train_lr=0.01, trigger_size=3, trojan_epochs=400, use_vs_number=True, vs_number=10, vs_ratio=0, weight_decay=0.0005)
target class rate on Vs: 0.8000
accuracy on clean test nodes: 0.8444
Overall ASR: 0.3469
Flip ASR: 0.2267/225 nodes
Overall ASR: 0.3675 (GCN model, Seed: 320)
Overall Clean Accuracy: 0.8437
Total Overall ASR: 0.3675
Total Clean Accuracy: 0.8437
